// Jest Snapshot v1, https://goo.gl/fbAQLP

exports[`AllArtists renders properly 1`] = `"<view flexdirection=\\"column\\" alignitems=\\"center\\"><text font-family=\\"AGaramondPro-Regular\\" font-size=\\"22px,32px\\" lineheight=\\"28px,38px\\" class=\\"sc-bwzfXH uTxCW\\" mb=\\"2\\" textalign=\\"center\\">Other works by Abbas Kiarostami</text></view>"`;
