// Jest Snapshot v1, https://goo.gl/fbAQLP

exports[`renders properly 1`] = `"<text font-family=\\"AGaramondPro-Regular\\" font-size=\\"26px\\" lineheight=\\"32px\\" class=\\"css-1m4dppv sc-bwzfXH uTxCW\\">All works</text>"`;
