exports[`test looks like expected 1`] = `
<View
  onLayout={[Function]}
  style={
    Array [
      undefined,
      Object {
        "backgroundColor": "transparent",
        "flex": 1,
      },
    ]
  }>
  <View
    style={
      Object {
        "backgroundColor": "white",
        "height": 200,
        "opacity": 1,
        "overflow": "hidden",
        "position": "absolute",
        "top": 0,
        "transform": Array [
          Object {
            "translateY": 0,
          },
          Object {
            "scale": 1,
          },
        ],
        "width": 375,
      }
    }>
    <View>
      <View />
    </View>
  </View>
  <ScrollView
    onChangeHeaderVisibility={[Function]}
    onScroll={[Function]}
    parallaxHeaderContainerStyles={
      Object {
        "marginBottom": 0,
      }
    }
    scrollEventThrottle={16}
    scrollsToTop={true}
    stickyHeaderIndices={
      Array [
        1,
      ]
    }
    style={
      Array [
        Object {
          "backgroundColor": "transparent",
        },
        undefined,
      ]
    }>
    <View
      style={
        Array [
          Object {
            "backgroundColor": "transparent",
            "overflow": "hidden",
          },
          Object {
            "marginBottom": 0,
          },
        ]
      }>
      <View
        style={
          Object {
            "backgroundColor": "transparent",
            "height": 200,
            "opacity": 1,
            "overflow": "hidden",
          }
        }>
        <View
          style={
            Object {
              "height": 200,
            }
          }>
          <View
            style={
              Array [
                Object {
                  "backgroundColor": "white",
                  "paddingLeft": 20,
                  "paddingRight": 20,
                },
                Object {
                  "alignSelf": null,
                  "width": null,
                },
              ]
            }>
            <Header
              gene={
                Object {
                  "_id": "a UUID",
                  "description": "Here\'s some text",
                  "filtered_artworks": Object {
                    "aggregations": Array [
                      Object {
                        "counts": Object {
                          "count": "Yep",
                          "id": "OK",
                          "name": "Sure",
                        },
                        "slice": "1212",
                      },
                    ],
                    "total": 12,
                  },
                  "id": "An ID",
                  "name": "Example Gene",
                  "trending_artists": Array [
                    Object {
                      "counts": Object {
                        "artworks": 2,
                        "for_sale_artworks": 1,
                      },
                      "id": "an artist",
                      "image": Object {
                        "large_version": "",
                      },
                      "name": "Artist name",
                    },
                  ],
                }
              }
              shortForm={false} />
            <Spinner
              onSelectionChange={[Function]}
              selectedIndex={0}
              style={
                Object {
                  "marginTop": 30,
                }
              }
              titles={
                Array [
                  "WORKS",
                  "ABOUT",
                ]
              } />
          </View>
        </View>
      </View>
    </View>
    <View>
      <View
        style={
          Object {
            "backgroundColor": "white",
          }
        }>
        <View
          style={
            Array [
              Object {
                "backgroundColor": "#e5e5e5",
                "height": 1,
                "marginLeft": -20,
                "marginRight": -20,
              },
              Object {
                "backgroundColor": "white",
                "marginTop": 0,
              },
            ]
          } />
        <View
          style={
            Object {
              "flexDirection": "row",
              "height": 26,
              "justifyContent": "space-between",
              "marginBottom": 12,
              "marginTop": 12,
              "paddingLeft": 20,
              "paddingRight": 20,
            }
          }>
          <Text
            accessible={true}
            allowFontScaling={true}
            ellipsizeMode="tail"
            numberOfLines={1}
            style={
              Array [
                Object {
                  "fontSize": 17,
                },
                Object {
                  "fontStyle": "italic",
                  "marginTop": 2,
                  "maxWidth": 245,
                },
                Object {
                  "fontFamily": "AGaramondPro-Regular",
                },
              ]
            }>
            12 works ・ Painting ・ Below $100,000
          </Text>
          <TouchableHighlight
            activeOpacity={1}
            onPress={[Function]}
            style={
              Object {
                "alignItems": "center",
                "backgroundColor": "rgba(255, 255, 255, 1)",
                "borderColor": "#e5e5e5",
                "borderWidth": 1,
                "height": 26,
                "justifyContent": "center",
                "width": 80,
              }
            }
            underlayColor="#6e1fff">
            <View>
              <Text
                accessible={true}
                allowFontScaling={true}
                ellipsizeMode="tail"
                style={
                  Array [
                    Object {
                      "fontSize": 12,
                    },
                    Object {
                      "color": "black",
                      "fontFamily": "AGaramondPro-Regular",
                      "opacity": 1,
                    },
                    Object {
                      "fontFamily": "Avant Garde Gothic ITCW01Dm",
                    },
                  ]
                }>
                REFINE
              </Text>
            </View>
          </TouchableHighlight>
        </View>
        <View
          style={
            Array [
              Object {
                "backgroundColor": "#e5e5e5",
                "height": 1,
                "marginLeft": -20,
                "marginRight": -20,
              },
              Object {
                "backgroundColor": "white",
              },
            ]
          } />
      </View>
    </View>
    <View
      onLayout={[Function]}
      style={
        Object {
          "backgroundColor": "white",
        }
      }>
      <View
        style={
          Object {
            "marginTop": 20,
            "paddingLeft": 20,
            "paddingRight": 20,
          }
        }>
        <Artworks
          gene={
            Object {
              "_id": "a UUID",
              "description": "Here\'s some text",
              "filtered_artworks": Object {
                "aggregations": Array [
                  Object {
                    "counts": Object {
                      "count": "Yep",
                      "id": "OK",
                      "name": "Sure",
                    },
                    "slice": "1212",
                  },
                ],
                "total": 12,
              },
              "id": "An ID",
              "name": "Example Gene",
              "trending_artists": Array [
                Object {
                  "counts": Object {
                    "artworks": 2,
                    "for_sale_artworks": 1,
                  },
                  "id": "an artist",
                  "image": Object {
                    "large_version": "",
                  },
                  "name": "Artist name",
                },
              ],
            }
          }
          queryState={
            Object {
              "selectedMedium": "painting",
              "selectedPriceRange": "*-100000",
              "sort": "-partner_updated_at",
            }
          }
          resolveQuery={[Function]} />
      </View>
    </View>
    <View
      style={
        Object {
          "backgroundColor": "white",
        }
      } />
  </ScrollView>
  <View
    style={
      Array [
        Object {
          "backgroundColor": "transparent",
          "left": 0,
          "overflow": "hidden",
          "position": "absolute",
          "top": 0,
        },
        Object {
          "height": 64,
          "width": 375,
        },
      ]
    }>
    <View
      style={
        Object {
          "backgroundColor": "white",
          "height": 64,
          "opacity": 0,
        }
      }>
      <View
        style={
          Object {
            "transform": Array [
              Object {
                "translateY": 64,
              },
            ],
          }
        }>
        <View
          style={
            Object {
              "backgroundColor": "white",
              "paddingLeft": 20,
              "paddingRight": 20,
            }
          }>
          <Header
            gene={
              Object {
                "_id": "a UUID",
                "description": "Here\'s some text",
                "filtered_artworks": Object {
                  "aggregations": Array [
                    Object {
                      "counts": Object {
                        "count": "Yep",
                        "id": "OK",
                        "name": "Sure",
                      },
                      "slice": "1212",
                    },
                  ],
                  "total": 12,
                },
                "id": "An ID",
                "name": "Example Gene",
                "trending_artists": Array [
                  Object {
                    "counts": Object {
                      "artworks": 2,
                      "for_sale_artworks": 1,
                    },
                    "id": "an artist",
                    "image": Object {
                      "large_version": "",
                    },
                    "name": "Artist name",
                  },
                ],
              }
            }
            shortForm={true} />
        </View>
      </View>
    </View>
  </View>
</View>
`;
