// Jest Snapshot v1, https://goo.gl/fbAQLP

exports[`AllArtists renders properly 1`] = `"<rctscrollview sections=\\"[object Object],[object Object],[object Object],[object Object],[object Object],[object Object],[object Object],[object Object],[object Object],[object Object]\\" initialnumtorender=\\"10\\" maxtorenderperbatch=\\"10\\" scrolleventthrottle=\\"50\\" updatecellsbatchingperiod=\\"50\\" windowsize=\\"21\\" data=\\"[object Object],[object Object],[object Object],[object Object],[object Object],[object Object],[object Object],[object Object],[object Object],[object Object]\\" stickyheaderindices=\\"1,5,10\\"><view><view><view px=\\"2\\" mb=\\"2\\" pt=\\"85\\"><text font-family=\\"AGaramondPro-Regular\\" font-size=\\"32px\\" lineheight=\\"38px\\">Artists</text></view></view><view><view px=\\"2\\" mb=\\"2\\"><text font-family=\\"Unica77LL-Medium\\" font-size=\\"16px\\" lineheight=\\"26px\\">A</text></view></view><view><view px=\\"2\\" mb=\\"2\\"><view justifycontent=\\"space-between\\" alignitems=\\"center\\" flexdirection=\\"row\\"><image resizemode=\\"stretch\\" style=\\"width: 45px; height: 45px; border-radius: 22.5px;\\" source=\\"[object Object]\\"></image><view m=\\"1\\"></view><view flexdirection=\\"column\\" alignitems=\\"flex-start\\"><text font-family=\\"AGaramondPro-Regular\\" font-size=\\"16px\\" lineheight=\\"20px\\">Polly Apfelbaum</text><text font-family=\\"Unica77LL-Regular\\" font-size=\\"14px\\" lineheight=\\"20px\\" color=\\"black60\\">American, b. 1955</text></view><view m=\\"1\\"></view><view flexdirection=\\"row\\"><view variant=\\"primaryBlack\\" theme=\\"[object Object]\\" px=\\"1\\"><text font-family=\\"Unica77LL-Medium\\" font-size=\\"12px\\" lineheight=\\"16px\\" color=\\"#FFF\\">Follow</text></view></view></view></view></view><view><view px=\\"2\\" mb=\\"2\\"><view justifycontent=\\"space-between\\" alignitems=\\"center\\" flexdirection=\\"row\\"><image resizemode=\\"stretch\\" style=\\"width: 45px; height: 45px; border-radius: 22.5px;\\" source=\\"[object Object]\\"></image><view m=\\"1\\"></view><view flexdirection=\\"column\\" alignitems=\\"flex-start\\"><text font-family=\\"AGaramondPro-Regular\\" font-size=\\"16px\\" lineheight=\\"20px\\">Karel Appel</text><text font-family=\\"Unica77LL-Regular\\" font-size=\\"14px\\" lineheight=\\"20px\\" color=\\"black60\\">Dutch, 1921-2006</text></view><view m=\\"1\\"></view><view flexdirection=\\"row\\"><view variant=\\"primaryBlack\\" theme=\\"[object Object]\\" px=\\"1\\"><text font-family=\\"Unica77LL-Medium\\" font-size=\\"12px\\" lineheight=\\"16px\\" color=\\"#FFF\\">Follow</text></view></view></view></view></view><view><view px=\\"2\\" pb=\\"2\\"><view width=\\"100%\\"></view></view></view><view><view px=\\"2\\" mb=\\"2\\"><text font-family=\\"Unica77LL-Medium\\" font-size=\\"16px\\" lineheight=\\"26px\\">B</text></view></view><view><view px=\\"2\\" mb=\\"2\\"><view justifycontent=\\"space-between\\" alignitems=\\"center\\" flexdirection=\\"row\\"><image resizemode=\\"stretch\\" style=\\"width: 45px; height: 45px; border-radius: 22.5px;\\" source=\\"[object Object]\\"></image><view m=\\"1\\"></view><view flexdirection=\\"column\\" alignitems=\\"flex-start\\"><text font-family=\\"AGaramondPro-Regular\\" font-size=\\"16px\\" lineheight=\\"20px\\">Bruce Beasley</text><text font-family=\\"Unica77LL-Regular\\" font-size=\\"14px\\" lineheight=\\"20px\\" color=\\"black60\\">American, b. 1939</text></view><view m=\\"1\\"></view><view flexdirection=\\"row\\"><view variant=\\"primaryBlack\\" theme=\\"[object Object]\\" px=\\"1\\"><text font-family=\\"Unica77LL-Medium\\" font-size=\\"12px\\" lineheight=\\"16px\\" color=\\"#FFF\\">Follow</text></view></view></view></view></view><view><view px=\\"2\\" mb=\\"2\\"><view justifycontent=\\"space-between\\" alignitems=\\"center\\" flexdirection=\\"row\\"><image resizemode=\\"stretch\\" style=\\"width: 45px; height: 45px; border-radius: 22.5px;\\" source=\\"[object Object]\\"></image><view m=\\"1\\"></view><view flexdirection=\\"column\\" alignitems=\\"flex-start\\"><text font-family=\\"AGaramondPro-Regular\\" font-size=\\"16px\\" lineheight=\\"20px\\">Nell Blaine</text><text font-family=\\"Unica77LL-Regular\\" font-size=\\"14px\\" lineheight=\\"20px\\" color=\\"black60\\">American, 1922-1996</text></view><view m=\\"1\\"></view><view flexdirection=\\"row\\"><view variant=\\"primaryBlack\\" theme=\\"[object Object]\\" px=\\"1\\"><text font-family=\\"Unica77LL-Medium\\" font-size=\\"12px\\" lineheight=\\"16px\\" color=\\"#FFF\\">Follow</text></view></view></view></view></view><view><view px=\\"2\\" mb=\\"2\\"><view justifycontent=\\"space-between\\" alignitems=\\"center\\" flexdirection=\\"row\\"><image resizemode=\\"stretch\\" style=\\"width: 45px; height: 45px; border-radius: 22.5px;\\" source=\\"[object Object]\\"></image><view m=\\"1\\"></view><view flexdirection=\\"column\\" alignitems=\\"flex-start\\"><text font-family=\\"AGaramondPro-Regular\\" font-size=\\"16px\\" lineheight=\\"20px\\">Carolyn Brady</text><text font-family=\\"Unica77LL-Regular\\" font-size=\\"14px\\" lineheight=\\"20px\\" color=\\"black60\\">American, 1937-2005</text></view><view m=\\"1\\"></view><view flexdirection=\\"row\\"><view variant=\\"primaryBlack\\" theme=\\"[object Object]\\" px=\\"1\\"><text font-family=\\"Unica77LL-Medium\\" font-size=\\"12px\\" lineheight=\\"16px\\" color=\\"#FFF\\">Follow</text></view></view></view></view></view><view><view px=\\"2\\" pb=\\"2\\"><view width=\\"100%\\"></view></view></view><view><view px=\\"2\\" mb=\\"2\\"><text font-family=\\"Unica77LL-Medium\\" font-size=\\"16px\\" lineheight=\\"26px\\">C</text></view></view><view style=\\"height: 0px;\\"></view></view></rctscrollview>"`;
