// Jest Snapshot v1, https://goo.gl/fbAQLP

exports[`Chip renders properly 1`] = `
<View
  alignItems="center"
  alignSelf="center"
  justifyContent="center"
  px={2}
  py={1}
  style={
    Array [
      Object {
        "alignItems": "center",
        "display": "flex",
        "justifyContent": "center",
        "paddingBottom": 4,
        "paddingLeft": 8,
        "paddingRight": 8,
        "paddingTop": 4,
      },
      Array [
        Object {
          "backgroundColor": "#E5E5E5",
          "borderRadius": 20,
        },
        undefined,
      ],
    ]
  }
>
  <Text
    className="sc-bdVaJa bDWFJH"
    fontFamily="Unica77LL-Regular"
    fontSize={14}
    lineHeight={24}
    style={
      Array [
        Object {
          "fontFamily": "Unica77LL-Regular",
          "fontSize": 14,
          "lineHeight": 24,
        },
        undefined,
      ]
    }
    text="chip"
  />
</View>
`;
