exports[`test renders properly 1`] = `
<Header
  artist={
    Object {
      "birthday": "11/17/1992",
      "counts": Object {
        "follows": 22,
      },
      "name": "Marcel Duchamp",
      "nationality": "French",
    }
  } />
`;
