// Jest Snapshot v1, https://goo.gl/fbAQLP

exports[`Sets up the right view hierarchy 1`] = `
<View
  style={
    Array [
      Object {
        "backgroundColor": "black",
        "flexBasis": 0,
        "flexGrow": 1,
        "flexShrink": 1,
      },
      undefined,
    ]
  }
>
  <View
    style={
      Array [
        Object {
          "alignSelf": "center",
          "backgroundColor": "black",
          "height": "100%",
          "width": "100%",
        },
        undefined,
      ]
    }
  >
    <RCTScrollView
      alwaysBounceVertical={false}
      centerContent={true}
      style={
        Object {
          "flex": 1,
        }
      }
    >
      <View>
        <View
          style={
            Object {
              "alignSelf": "center",
              "flex": 1,
              "maxWidth": 540,
              "paddingTop": 10,
              "width": "100%",
            }
          }
        >
          <Text
            accessible={true}
            allowFontScaling={true}
            ellipsizeMode="tail"
            style={
              Array [
                Object {
                  "color": "white",
                  "fontSize": 30,
                  "marginBottom": 20,
                  "paddingLeft": 20,
                  "paddingRight": 20,
                  "textAlign": "center",
                },
                Object {
                  "textAlign": "center",
                },
                Object {
                  "fontFamily": "AGaramondPro-Regular",
                },
              ]
            }
          >
            Complete work details to submit
          </Text>
          <Text
            accessible={true}
            allowFontScaling={true}
            ellipsizeMode="tail"
            style={
              Array [
                Object {
                  "color": "#808080",
                  "fontSize": 20,
                  "paddingLeft": 20,
                  "paddingRight": 20,
                },
                Object {
                  "marginBottom": 80,
                  "marginTop": -15,
                  "textAlign": "center",
                },
                Object {
                  "fontFamily": "AGaramondPro-Regular",
                },
              ]
            }
          >
            Provide as much detail as possible so that our partners can best assess your work.
          </Text>
          <View
            style={
              Object {
                "flex": 1,
              }
            }
          >
            <View
              style={
                Array [
                  Object {
                    "backgroundColor": "black",
                    "flexBasis": 0,
                    "flexGrow": 1,
                    "flexShrink": 1,
                    "paddingBottom": 20,
                    "paddingLeft": 20,
                    "paddingRight": 20,
                    "paddingTop": 20,
                  },
                  undefined,
                ]
              }
            >
              <View
                style={
                  Array [
                    Object {
                      "backgroundColor": "#444444",
                      "height": 1,
                    },
                    undefined,
                  ]
                }
              />
              <View
                accessibilityComponentType={undefined}
                accessibilityLabel={undefined}
                accessibilityTraits={undefined}
                accessible={true}
                hasTVPreferredFocus={undefined}
                hitSlop={undefined}
                isTVSelectable={true}
                nativeID={undefined}
                onLayout={undefined}
                onResponderGrant={[Function]}
                onResponderMove={[Function]}
                onResponderRelease={[Function]}
                onResponderTerminate={[Function]}
                onResponderTerminationRequest={[Function]}
                onStartShouldSetResponder={[Function]}
                style={null}
                testID={undefined}
                tvParallaxProperties={undefined}
              >
                <View
                  style={
                    Array [
                      Object {
                        "alignItems": "center",
                        "flexDirection": "row",
                        "height": 60,
                      },
                      null,
                    ]
                  }
                >
                  <Text
                    accessible={true}
                    allowFontScaling={true}
                    ellipsizeMode="tail"
                    style={
                      Array [
                        Object {
                          "color": "white",
                          "flexBasis": 0,
                          "flexGrow": 2,
                          "flexShrink": 1,
                          "fontFamily": "AvantGardeGothicITC",
                        },
                        undefined,
                      ]
                    }
                  >
                    ARTIST/DESIGNER NAME
                  </Text>
                  <View
                    style={
                      Array [
                        Object {
                          "alignItems": "center",
                          "borderColor": "white",
                          "borderRadius": 13,
                          "borderWidth": 1,
                          "height": 26,
                          "justifyContent": "center",
                          "marginRight": 20,
                          "width": 26,
                        },
                        undefined,
                      ]
                    }
                  >
                    <Image
                      source={
                        Object {
                          "testUri": "../../../images/consignments/plus.png",
                        }
                      }
                    />
                  </View>
                </View>
              </View>
              <View
                style={
                  Array [
                    Object {
                      "backgroundColor": "#444444",
                      "height": 1,
                    },
                    undefined,
                  ]
                }
              />
              <View
                accessibilityComponentType={undefined}
                accessibilityLabel={undefined}
                accessibilityTraits={undefined}
                accessible={true}
                hasTVPreferredFocus={undefined}
                hitSlop={undefined}
                isTVSelectable={true}
                nativeID={undefined}
                onLayout={undefined}
                onResponderGrant={[Function]}
                onResponderMove={[Function]}
                onResponderRelease={[Function]}
                onResponderTerminate={[Function]}
                onResponderTerminationRequest={[Function]}
                onStartShouldSetResponder={[Function]}
                style={null}
                testID={undefined}
                tvParallaxProperties={undefined}
              >
                <View
                  style={
                    Array [
                      Object {
                        "alignItems": "center",
                        "flexDirection": "row",
                        "height": 60,
                      },
                      null,
                    ]
                  }
                >
                  <Text
                    accessible={true}
                    allowFontScaling={true}
                    ellipsizeMode="tail"
                    style={
                      Array [
                        Object {
                          "color": "white",
                          "flexBasis": 0,
                          "flexGrow": 2,
                          "flexShrink": 1,
                          "fontFamily": "AvantGardeGothicITC",
                        },
                        undefined,
                      ]
                    }
                  >
                    PHOTOS
                  </Text>
                  <View
                    style={
                      Array [
                        Object {
                          "alignItems": "center",
                          "borderColor": "white",
                          "borderRadius": 13,
                          "borderWidth": 1,
                          "height": 26,
                          "justifyContent": "center",
                          "marginRight": 20,
                          "width": 26,
                        },
                        undefined,
                      ]
                    }
                  >
                    <Image
                      source={
                        Object {
                          "testUri": "../../../images/consignments/plus.png",
                        }
                      }
                    />
                  </View>
                </View>
              </View>
              <View
                style={
                  Array [
                    Object {
                      "backgroundColor": "#444444",
                      "height": 1,
                    },
                    undefined,
                  ]
                }
              />
              <View
                accessibilityComponentType={undefined}
                accessibilityLabel={undefined}
                accessibilityTraits={undefined}
                accessible={true}
                hasTVPreferredFocus={undefined}
                hitSlop={undefined}
                isTVSelectable={true}
                nativeID={undefined}
                onLayout={undefined}
                onResponderGrant={[Function]}
                onResponderMove={[Function]}
                onResponderRelease={[Function]}
                onResponderTerminate={[Function]}
                onResponderTerminationRequest={[Function]}
                onStartShouldSetResponder={[Function]}
                style={null}
                testID={undefined}
                tvParallaxProperties={undefined}
              >
                <View
                  style={
                    Array [
                      Object {
                        "alignItems": "center",
                        "flexDirection": "row",
                        "height": 60,
                      },
                      null,
                    ]
                  }
                >
                  <Text
                    accessible={true}
                    allowFontScaling={true}
                    ellipsizeMode="tail"
                    style={
                      Array [
                        Object {
                          "color": "white",
                          "flexBasis": 0,
                          "flexGrow": 2,
                          "flexShrink": 1,
                          "fontFamily": "AvantGardeGothicITC",
                        },
                        undefined,
                      ]
                    }
                  >
                    WORK DETAILS
                  </Text>
                  <View
                    style={
                      Array [
                        Object {
                          "alignItems": "center",
                          "borderColor": "white",
                          "borderRadius": 13,
                          "borderWidth": 1,
                          "height": 26,
                          "justifyContent": "center",
                          "marginRight": 20,
                          "width": 26,
                        },
                        undefined,
                      ]
                    }
                  >
                    <Image
                      source={
                        Object {
                          "testUri": "../../../images/consignments/plus.png",
                        }
                      }
                    />
                  </View>
                </View>
              </View>
              <View
                style={
                  Array [
                    Object {
                      "backgroundColor": "#444444",
                      "height": 1,
                    },
                    undefined,
                  ]
                }
              />
              <View
                accessibilityComponentType={undefined}
                accessibilityLabel={undefined}
                accessibilityTraits={undefined}
                accessible={true}
                hasTVPreferredFocus={undefined}
                hitSlop={undefined}
                isTVSelectable={true}
                nativeID={undefined}
                onLayout={undefined}
                onResponderGrant={[Function]}
                onResponderMove={[Function]}
                onResponderRelease={[Function]}
                onResponderTerminate={[Function]}
                onResponderTerminationRequest={[Function]}
                onStartShouldSetResponder={[Function]}
                style={null}
                testID={undefined}
                tvParallaxProperties={undefined}
              >
                <View
                  style={
                    Array [
                      Object {
                        "alignItems": "center",
                        "flexDirection": "row",
                        "height": 60,
                      },
                      null,
                    ]
                  }
                >
                  <Text
                    accessible={true}
                    allowFontScaling={true}
                    ellipsizeMode="tail"
                    style={
                      Array [
                        Object {
                          "color": "white",
                          "flexBasis": 0,
                          "flexGrow": 2,
                          "flexShrink": 1,
                          "fontFamily": "AvantGardeGothicITC",
                        },
                        undefined,
                      ]
                    }
                  >
                    EDITION & AUTHENTICITY
                  </Text>
                  <View
                    style={
                      Array [
                        Object {
                          "alignItems": "center",
                          "borderColor": "white",
                          "borderRadius": 13,
                          "borderWidth": 1,
                          "height": 26,
                          "justifyContent": "center",
                          "marginRight": 20,
                          "width": 26,
                        },
                        undefined,
                      ]
                    }
                  >
                    <Image
                      source={
                        Object {
                          "testUri": "../../../images/consignments/plus.png",
                        }
                      }
                    />
                  </View>
                </View>
              </View>
              <View
                style={
                  Array [
                    Object {
                      "backgroundColor": "#444444",
                      "height": 1,
                    },
                    undefined,
                  ]
                }
              />
              <View
                accessibilityComponentType={undefined}
                accessibilityLabel={undefined}
                accessibilityTraits={undefined}
                accessible={true}
                hasTVPreferredFocus={undefined}
                hitSlop={undefined}
                isTVSelectable={true}
                nativeID={undefined}
                onLayout={undefined}
                onResponderGrant={[Function]}
                onResponderMove={[Function]}
                onResponderRelease={[Function]}
                onResponderTerminate={[Function]}
                onResponderTerminationRequest={[Function]}
                onStartShouldSetResponder={[Function]}
                style={null}
                testID={undefined}
                tvParallaxProperties={undefined}
              >
                <View
                  style={
                    Array [
                      Object {
                        "alignItems": "center",
                        "flexDirection": "row",
                        "height": 60,
                      },
                      null,
                    ]
                  }
                >
                  <Text
                    accessible={true}
                    allowFontScaling={true}
                    ellipsizeMode="tail"
                    style={
                      Array [
                        Object {
                          "color": "white",
                          "flexBasis": 0,
                          "flexGrow": 2,
                          "flexShrink": 1,
                          "fontFamily": "AvantGardeGothicITC",
                        },
                        undefined,
                      ]
                    }
                  >
                    LOCATION
                  </Text>
                  <View
                    style={
                      Array [
                        Object {
                          "alignItems": "center",
                          "borderColor": "white",
                          "borderRadius": 13,
                          "borderWidth": 1,
                          "height": 26,
                          "justifyContent": "center",
                          "marginRight": 20,
                          "width": 26,
                        },
                        undefined,
                      ]
                    }
                  >
                    <Image
                      source={
                        Object {
                          "testUri": "../../../images/consignments/plus.png",
                        }
                      }
                    />
                  </View>
                </View>
              </View>
              <View
                style={
                  Array [
                    Object {
                      "backgroundColor": "#444444",
                      "height": 1,
                    },
                    undefined,
                  ]
                }
              />
              <View
                accessibilityComponentType={undefined}
                accessibilityLabel={undefined}
                accessibilityTraits={undefined}
                accessible={true}
                hasTVPreferredFocus={undefined}
                hitSlop={undefined}
                isTVSelectable={true}
                nativeID={undefined}
                onLayout={undefined}
                onResponderGrant={[Function]}
                onResponderMove={[Function]}
                onResponderRelease={[Function]}
                onResponderTerminate={[Function]}
                onResponderTerminationRequest={[Function]}
                onStartShouldSetResponder={[Function]}
                style={null}
                testID={undefined}
                tvParallaxProperties={undefined}
              >
                <View
                  style={
                    Array [
                      Object {
                        "alignItems": "center",
                        "flexDirection": "row",
                        "height": 60,
                      },
                      null,
                    ]
                  }
                >
                  <Text
                    accessible={true}
                    allowFontScaling={true}
                    ellipsizeMode="tail"
                    style={
                      Array [
                        Object {
                          "color": "white",
                          "flexBasis": 0,
                          "flexGrow": 2,
                          "flexShrink": 1,
                          "fontFamily": "AvantGardeGothicITC",
                        },
                        undefined,
                      ]
                    }
                  >
                    PROVENANCE
                  </Text>
                  <View
                    style={
                      Array [
                        Object {
                          "alignItems": "center",
                          "borderColor": "white",
                          "borderRadius": 13,
                          "borderWidth": 1,
                          "height": 26,
                          "justifyContent": "center",
                          "marginRight": 20,
                          "width": 26,
                        },
                        undefined,
                      ]
                    }
                  >
                    <Image
                      source={
                        Object {
                          "testUri": "../../../images/consignments/plus.png",
                        }
                      }
                    />
                  </View>
                </View>
              </View>
              <View
                style={
                  Array [
                    Object {
                      "backgroundColor": "#444444",
                      "height": 1,
                    },
                    undefined,
                  ]
                }
              />
            </View>
          </View>
          <View
            style={
              Array [
                Object {
                  "justifyContent": "center",
                  "marginTop": 80,
                },
                Object {
                  "alignItems": "center",
                  "flexDirection": "row",
                  "paddingVertical": 6,
                },
              ]
            }
          />
          <View
            style={
              Array [
                Object {
                  "justifyContent": "center",
                },
                Object {
                  "alignItems": "center",
                  "flexDirection": "row",
                  "paddingVertical": 6,
                },
              ]
            }
          >
            <View
              accessibilityComponentType={undefined}
              accessibilityLabel={undefined}
              accessibilityTraits={undefined}
              accessible={true}
              collapsable={undefined}
              hitSlop={undefined}
              nativeID={undefined}
              onLayout={undefined}
              onResponderGrant={[Function]}
              onResponderMove={[Function]}
              onResponderRelease={[Function]}
              onResponderTerminate={[Function]}
              onResponderTerminationRequest={[Function]}
              onStartShouldSetResponder={[Function]}
              style={
                Object {
                  "alignItems": "center",
                  "backgroundColor": "rgba(0, 0, 0, 1)",
                  "borderColor": "rgba(0, 0, 0, 1)",
                  "borderWidth": 1,
                  "height": 43,
                  "justifyContent": "center",
                  "marginTop": -8,
                  "width": 174,
                }
              }
              testID={undefined}
            >
              <Text
                accessible={true}
                allowFontScaling={true}
                ellipsizeMode="tail"
                style={
                  Array [
                    Object {
                      "fontSize": 12,
                    },
                    Object {
                      "color": "rgba(255, 255, 255, 1)",
                      "fontFamily": "AGaramondPro-Regular",
                      "opacity": 1,
                    },
                    Object {
                      "fontFamily": "AvantGardeGothicITC",
                    },
                  ]
                }
              >
                CLOSE
              </Text>
            </View>
          </View>
        </View>
      </View>
    </RCTScrollView>
  </View>
</View>
`;
