// Jest Snapshot v1, https://goo.gl/fbAQLP

exports[`renders correctly 1`] = `
<View
  style={
    Array [
      Object {
        "borderBottomWidth": 1,
        "borderColor": "#cccccc",
        "flexDirection": "row",
        "height": 50,
        "justifyContent": "space-around",
      },
      undefined,
    ]
  }
>
  <View
    accessibilityComponentType={undefined}
    accessibilityLabel="Page 1"
    accessibilityTraits="button"
    accessible={true}
    hitSlop={undefined}
    nativeID={undefined}
    onLayout={undefined}
    onResponderGrant={[Function]}
    onResponderMove={[Function]}
    onResponderRelease={[Function]}
    onResponderTerminate={[Function]}
    onResponderTerminationRequest={[Function]}
    onStartShouldSetResponder={[Function]}
    style={
      Array [
        Object {
          "alignItems": "center",
          "flexBasis": 0,
          "flexGrow": 1,
          "flexShrink": 1,
          "justifyContent": "center",
          "paddingTop": 5,
        },
        undefined,
      ]
    }
    testID={undefined}
  >
    <Text
      accessible={true}
      active={false}
      allowFontScaling={true}
      ellipsizeMode="tail"
      style={
        Array [
          Object {
            "color": "#cccccc",
            "fontFamily": "AvantGardeGothicITC",
            "fontSize": 13,
            "letterSpacing": 1.5,
            "textAlign": "center",
          },
          undefined,
        ]
      }
    >
      PAGE 1
    </Text>
  </View>
  <View
    accessibilityComponentType={undefined}
    accessibilityLabel="Page 2"
    accessibilityTraits="button"
    accessible={true}
    hitSlop={undefined}
    nativeID={undefined}
    onLayout={undefined}
    onResponderGrant={[Function]}
    onResponderMove={[Function]}
    onResponderRelease={[Function]}
    onResponderTerminate={[Function]}
    onResponderTerminationRequest={[Function]}
    onStartShouldSetResponder={[Function]}
    style={
      Array [
        Object {
          "alignItems": "center",
          "flexBasis": 0,
          "flexGrow": 1,
          "flexShrink": 1,
          "justifyContent": "center",
          "paddingTop": 5,
        },
        undefined,
      ]
    }
    testID={undefined}
  >
    <Text
      accessible={true}
      active={false}
      allowFontScaling={true}
      ellipsizeMode="tail"
      style={
        Array [
          Object {
            "color": "#cccccc",
            "fontFamily": "AvantGardeGothicITC",
            "fontSize": 13,
            "letterSpacing": 1.5,
            "textAlign": "center",
          },
          undefined,
        ]
      }
    >
      PAGE 2
    </Text>
  </View>
  <View
    accessibilityComponentType={undefined}
    accessibilityLabel="Page 3"
    accessibilityTraits="button"
    accessible={true}
    hitSlop={undefined}
    nativeID={undefined}
    onLayout={undefined}
    onResponderGrant={[Function]}
    onResponderMove={[Function]}
    onResponderRelease={[Function]}
    onResponderTerminate={[Function]}
    onResponderTerminationRequest={[Function]}
    onStartShouldSetResponder={[Function]}
    style={
      Array [
        Object {
          "alignItems": "center",
          "flexBasis": 0,
          "flexGrow": 1,
          "flexShrink": 1,
          "justifyContent": "center",
          "paddingTop": 5,
        },
        undefined,
      ]
    }
    testID={undefined}
  >
    <Text
      accessible={true}
      active={false}
      allowFontScaling={true}
      ellipsizeMode="tail"
      style={
        Array [
          Object {
            "color": "#cccccc",
            "fontFamily": "AvantGardeGothicITC",
            "fontSize": 13,
            "letterSpacing": 1.5,
            "textAlign": "center",
          },
          undefined,
        ]
      }
    >
      PAGE 3
    </Text>
  </View>
  <View
    collapsable={undefined}
    style={
      Object {
        "backgroundColor": "black",
        "bottom": -1,
        "height": 1,
        "left": 0,
        "position": "absolute",
        "right": 0,
        "transform": Array [
          Object {
            "translateX": NaN,
          },
        ],
        "width": NaN,
      }
    }
  />
</View>
`;
