// Jest Snapshot v1, https://goo.gl/fbAQLP

exports[`renders properly 1`] = `
<View>
  <View
    border={1}
    borderBottomWidth={0}
    borderColor="black10"
    style={
      Array [
        Object {
          "borderColor": "#E5E5E5",
          "borderStyle": "solid",
          "borderWidth": 1,
          "width": "100%",
        },
        undefined,
      ]
    }
    width="100%"
  />
  <View
    accessible={true}
    alignItems="center"
    flexDirection="row"
    justifyContent="space-between"
    mb={1}
    onResponderGrant={[Function]}
    onResponderMove={[Function]}
    onResponderRelease={[Function]}
    onResponderTerminate={[Function]}
    onResponderTerminationRequest={[Function]}
    onStartShouldSetResponder={[Function]}
    p={4}
    pb={3}
    style={
      Array [
        Object {
          "marginBottom": 3,
          "paddingBottom": 10,
          "paddingLeft": 20,
          "paddingRight": 20,
          "paddingTop": 20,
        },
        undefined,
      ]
    }
  >
    <View
      flex={1}
      style={
        Array [
          Object {
            "flexBasis": 0,
            "flexGrow": 1,
            "flexShrink": 1,
          },
          undefined,
        ]
      }
    >
      <Text
        accessible={true}
        allowFontScaling={true}
        className="sc-bwzfXH uTxCW"
        ellipsizeMode="tail"
        fontFamily="AGaramondPro-Semibold"
        fontSize="16px"
        lineHeight="24px"
        style={
          Array [
            Object {
              "fontFamily": "AGaramondPro-Semibold",
              "fontSize": 16,
              "lineHeight": 24,
            },
            undefined,
          ]
        }
      >
        Credit card
      </Text>
    </View>
    <View
      alignItems="flex-end"
      flex={1}
      style={
        Array [
          Object {
            "flexBasis": 0,
            "flexGrow": 1,
            "flexShrink": 1,
          },
          undefined,
        ]
      }
    >
      <Text
        accessible={true}
        allowFontScaling={true}
        className="sc-bwzfXH uTxCW"
        ellipsizeMode="tail"
        fontFamily="AGaramondPro-Regular"
        fontSize="16px"
        lineHeight="24px"
        numberOfLines={1}
        style={
          Array [
            Object {
              "fontFamily": "AGaramondPro-Regular",
              "fontSize": 16,
              "lineHeight": 24,
            },
            undefined,
          ]
        }
      >
        VISA •••• 4242
      </Text>
    </View>
    <View
      alignItems="flex-end"
      flex={null}
      flexBasis="auto"
      flexGrow={0}
      flexShrink={0}
      style={
        Array [
          Object {},
          undefined,
        ]
      }
    >
      <Text
        accessible={true}
        allowFontScaling={true}
        className="sc-bdVaJa bDWFJH"
        color="purple100"
        ellipsizeMode="tail"
        fontFamily="Unica77LL-Regular"
        fontSize="12px"
        lineHeight="16px"
        mb={1}
        ml={3}
        style={
          Array [
            Object {
              "color": "#6E1EFF",
              "fontFamily": "Unica77LL-Regular",
              "fontSize": 12,
              "lineHeight": 16,
              "marginBottom": 3,
              "marginLeft": 10,
            },
            undefined,
          ]
        }
      >
        Edit
      </Text>
    </View>
  </View>
  <View
    border={1}
    borderBottomWidth={0}
    borderColor="black10"
    style={
      Array [
        Object {
          "borderColor": "#E5E5E5",
          "borderStyle": "solid",
          "borderWidth": 1,
          "width": "100%",
        },
        undefined,
      ]
    }
    width="100%"
  />
  <View
    accessible={true}
    alignItems="center"
    flexDirection="row"
    justifyContent="space-between"
    mb={1}
    onResponderGrant={[Function]}
    onResponderMove={[Function]}
    onResponderRelease={[Function]}
    onResponderTerminate={[Function]}
    onResponderTerminationRequest={[Function]}
    onStartShouldSetResponder={[Function]}
    p={4}
    pb={3}
    style={
      Array [
        Object {
          "marginBottom": 3,
          "paddingBottom": 10,
          "paddingLeft": 20,
          "paddingRight": 20,
          "paddingTop": 20,
        },
        undefined,
      ]
    }
  >
    <View
      flex={1}
      style={
        Array [
          Object {
            "flexBasis": 0,
            "flexGrow": 1,
            "flexShrink": 1,
          },
          undefined,
        ]
      }
    >
      <Text
        accessible={true}
        allowFontScaling={true}
        className="sc-bwzfXH uTxCW"
        ellipsizeMode="tail"
        fontFamily="AGaramondPro-Semibold"
        fontSize="16px"
        lineHeight="24px"
        style={
          Array [
            Object {
              "fontFamily": "AGaramondPro-Semibold",
              "fontSize": 16,
              "lineHeight": 24,
            },
            undefined,
          ]
        }
      >
        Billing address
      </Text>
    </View>
    <View
      alignItems="flex-end"
      flex={1}
      style={
        Array [
          Object {
            "flexBasis": 0,
            "flexGrow": 1,
            "flexShrink": 1,
          },
          undefined,
        ]
      }
    >
      <Text
        accessible={true}
        allowFontScaling={true}
        className="sc-bwzfXH uTxCW"
        ellipsizeMode="tail"
        fontFamily="AGaramondPro-Regular"
        fontSize="16px"
        lineHeight="24px"
        numberOfLines={1}
        style={
          Array [
            Object {
              "fontFamily": "AGaramondPro-Regular",
              "fontSize": 16,
              "lineHeight": 24,
            },
            undefined,
          ]
        }
      >
        401 Broadway 25th floor New York NY
      </Text>
    </View>
    <View
      alignItems="flex-end"
      flex={null}
      flexBasis="auto"
      flexGrow={0}
      flexShrink={0}
      style={
        Array [
          Object {},
          undefined,
        ]
      }
    >
      <Text
        accessible={true}
        allowFontScaling={true}
        className="sc-bdVaJa bDWFJH"
        color="purple100"
        ellipsizeMode="tail"
        fontFamily="Unica77LL-Regular"
        fontSize="12px"
        lineHeight="16px"
        mb={1}
        ml={3}
        style={
          Array [
            Object {
              "color": "#6E1EFF",
              "fontFamily": "Unica77LL-Regular",
              "fontSize": 12,
              "lineHeight": 16,
              "marginBottom": 3,
              "marginLeft": 10,
            },
            undefined,
          ]
        }
      >
        Edit
      </Text>
    </View>
  </View>
  <View
    border={1}
    borderBottomWidth={0}
    borderColor="black10"
    style={
      Array [
        Object {
          "borderColor": "#E5E5E5",
          "borderStyle": "solid",
          "borderWidth": 1,
          "width": "100%",
        },
        undefined,
      ]
    }
    width="100%"
  />
</View>
`;
