exports[`test looks like expected 1`] = `
<View
  style={
    Array [
      Object {
        "backgroundColor": "#e5e5e5",
        "height": 1,
        "marginLeft": -20,
        "marginRight": -20,
      },
      undefined,
    ]
  } />
`;
