// Jest Snapshot v1, https://goo.gl/fbAQLP

exports[`MarketingHeader looks correct when rendered 1`] = `
<View
  style={
    Array [
      Object {
        "paddingBottom": 20,
        "paddingLeft": 20,
        "paddingRight": 20,
        "paddingTop": 20,
      },
      undefined,
    ]
  }
>
  <View
    background="#F8F8F8"
    height="220px"
    p={0}
    style={
      Array [
        Object {
          "display": "flex",
          "height": 220,
          "paddingBottom": 0,
          "paddingLeft": 0,
          "paddingRight": 0,
          "paddingTop": 0,
          "width": "100%",
        },
        Array [
          Object {
            "backgroundColor": "#F8F8F8",
            "borderColor": "#E5E5E5",
            "borderRadius": 2,
            "borderStyle": "solid",
            "borderWidth": 1,
            "height": 220,
            "paddingBottom": 0,
            "paddingLeft": 0,
            "paddingRight": 0,
            "paddingTop": 0,
            "width": "100%",
          },
          Object {
            "overflow": "hidden",
          },
        ],
      ]
    }
    width="100%"
  >
    <ARVideo
      loop={true}
      resizeMode="cover"
      size={
        Object {
          "height": 220,
          "width": 750,
        }
      }
      source={
        Object {
          "isAsset": false,
          "isNetwork": false,
          "resizeMode": "cover",
          "type": "mp4",
          "uri": undefined,
        }
      }
    />
  </View>
  <View
    my={2}
    style={
      Array [
        Object {
          "marginBottom": 8,
          "marginTop": 8,
        },
        undefined,
      ]
    }
  >
    <Text
      className="sc-bdVaJa bDWFJH"
      fontFamily="Unica77LL-Regular"
      fontSize={14}
      lineHeight={24}
      style={
        Array [
          Object {
            "fontFamily": "Unica77LL-Regular",
            "fontSize": 14,
            "lineHeight": 24,
          },
          undefined,
        ]
      }
    >
      In-demand artworks, available to buy now
    </Text>
  </View>
  <View
    accessible={true}
    onResponderGrant={[Function]}
    onResponderMove={[Function]}
    onResponderRelease={[Function]}
    onResponderTerminate={[Function]}
    onResponderTerminationRequest={[Function]}
    onStartShouldSetResponder={[Function]}
    style={
      Object {
        "alignItems": "center",
        "backgroundColor": "rgba(0, 0, 0, 1)",
        "borderColor": "transparent",
        "borderRadius": 2,
        "borderWidth": 1,
        "height": 36,
        "justifyContent": "center",
        "opacity": 1,
        "width": 130,
      }
    }
  >
    <Text
      style={
        Array [
          Object {
            "fontSize": 12,
          },
          Object {
            "fontFamily": "AvantGardeGothicITC",
          },
          Object {
            "color": "rgba(255, 255, 255, 1)",
            "fontFamily": "Unica77LL-Medium",
            "fontSize": 14,
            "opacity": 1,
            "textShadowColor": "white",
          },
        ]
      }
    >
      Browse works
    </Text>
  </View>
  <View
    mb={-3}
    mt={4}
    style={
      Array [
        Object {
          "marginBottom": -16,
          "marginTop": 32,
        },
        undefined,
      ]
    }
  >
    <View
      style={
        Array [
          Object {
            "borderBottomWidth": 0,
            "borderColor": "#E5E5E5",
            "borderStyle": "solid",
            "borderWidth": 1,
            "width": "100%",
          },
          undefined,
        ]
      }
      width="100%"
    />
  </View>
</View>
`;
