// Jest Snapshot v1, https://goo.gl/fbAQLP

exports[`renders properly 1`] = `"<text font-family=\\"AGaramondPro-Regular\\" font-size=\\"26px\\" lineheight=\\"32px\\" class=\\"sc-EHOje jvzENE\\" mt=\\"2\\" mb=\\"3\\">All works</text>"`;
