exports[`test renders properly 1`] = `
<TouchableHighlight
  activeOpacity={1}
  onPress={undefined}
  style={
    Object {
      "alignItems": "center",
      "backgroundColor": "rgba(0, 0, 0, 1)",
      "borderColor": "#e5e5e5",
      "borderWidth": 1,
      "justifyContent": "center",
    }
  }
  underlayColor="black">
  <View>
    <Text
      accessible={true}
      allowFontScaling={true}
      ellipsizeMode="tail"
      style={
        Array [
          Object {
            "fontSize": 12,
          },
          Object {
            "color": "black",
            "fontFamily": "AGaramondPro-Regular",
            "opacity": 1,
          },
          Object {
            "fontFamily": "Avant Garde Gothic ITCW01Dm",
          },
        ]
      }>
      I AM A BUTTON
    </Text>
  </View>
</TouchableHighlight>
`;
