// Jest Snapshot v1, https://goo.gl/fbAQLP

exports[`renders properly 1`] = `
<View
  accessibilityComponentType={undefined}
  accessibilityLabel={undefined}
  accessibilityTraits={undefined}
  accessible={true}
  hasTVPreferredFocus={undefined}
  hitSlop={undefined}
  isTVSelectable={true}
  nativeID={undefined}
  onLayout={undefined}
  onResponderGrant={[Function]}
  onResponderMove={[Function]}
  onResponderRelease={[Function]}
  onResponderTerminate={[Function]}
  onResponderTerminationRequest={[Function]}
  onStartShouldSetResponder={[Function]}
  style={
    Array [
      Object {
        "backgroundColor": "transparent",
      },
      Object {
        "alignItems": "center",
        "backgroundColor": "rgba(0, 0, 0, 1)",
        "borderColor": "#e5e5e5",
        "borderWidth": 1,
        "justifyContent": "center",
      },
    ]
  }
  testID={undefined}
  tvParallaxProperties={undefined}
>
  <View>
    <Text
      accessible={true}
      allowFontScaling={true}
      disabled={false}
      ellipsizeMode="tail"
      style={
        Array [
          Object {
            "fontSize": 12,
          },
          Object {
            "color": "black",
            "fontFamily": "AGaramondPro-Regular",
            "opacity": 1,
          },
          Object {
            "fontFamily": "Avant Garde Gothic ITCW01Dm",
          },
        ]
      }
    >
      I AM A BUTTON
    </Text>
  </View>
</View>
`;
