// Jest Snapshot v1, https://goo.gl/fbAQLP

exports[`Sets up the right view hierarchy 1`] = `
<View
  style={
    Object {
      "flex": 1,
    }
  }
>
  <RCTNavigator
    interactivePopGestureEnabled={undefined}
    onNavigationComplete={[Function]}
    requestedTopOfStack={0}
    style={
      Object {
        "flex": 1,
      }
    }
    vertical={undefined}
  >
    <RCTNavItem
      initialRoute={
        Object {
          "component": [Function],
          "title": "Welcome",
        }
      }
      navigationBarHidden={true}
      style={
        Array [
          Object {
            "backgroundColor": "white",
            "bottom": 0,
            "left": 0,
            "overflow": "hidden",
            "position": "absolute",
            "right": 0,
            "top": 0,
          },
          undefined,
          undefined,
        ]
      }
      title="Welcome"
      translucent={true}
    >
      <RCTScrollView
        style={
          Object {
            "backgroundColor": "black",
          }
        }
      >
        <View>
          <View
            style={
              Object {
                "alignItems": "center",
                "flex": 1,
                "paddingTop": 40,
              }
            }
          >
            <Text
              accessible={true}
              allowFontScaling={true}
              disabled={false}
              ellipsizeMode="tail"
              style={
                Array [
                  Object {
                    "color": "white",
                    "fontSize": 30,
                    "paddingLeft": 20,
                    "paddingRight": 20,
                    "textAlign": "center",
                  },
                  Object {},
                  Object {
                    "fontFamily": "AGaramondPro-Regular",
                  },
                ]
              }
            >
              Sell works from your collection through our partner network
            </Text>
            <View
              style={
                Object {
                  "alignItems": "center",
                  "marginTop": 20,
                  "width": 300,
                }
              }
            >
              <View
                style={
                  Object {
                    "alignItems": "center",
                    "borderColor": "white",
                    "borderRadius": 40,
                    "borderWidth": 2,
                    "height": 80,
                    "justifyContent": "center",
                    "width": 80,
                  }
                }
              >
                <Image
                  source={1}
                />
              </View>
              <Text
                accessible={true}
                allowFontScaling={true}
                disabled={false}
                ellipsizeMode="tail"
                style={
                  Array [
                    Object {
                      "color": "#cccccc",
                      "fontSize": 20,
                      "marginBottom": 18,
                      "marginTop": 18,
                      "paddingLeft": 25,
                      "paddingRight": 25,
                      "textAlign": "center",
                    },
                    Object {},
                    Object {
                      "fontFamily": "AGaramondPro-Regular",
                    },
                  ]
                }
              >
                Sell work from your collection through our partner network.
              </Text>
              <View
                style={
                  Object {
                    "alignItems": "center",
                    "borderColor": "white",
                    "borderRadius": 40,
                    "borderWidth": 2,
                    "height": 80,
                    "justifyContent": "center",
                    "width": 80,
                  }
                }
              >
                <Image
                  source={1}
                />
              </View>
              <Text
                accessible={true}
                allowFontScaling={true}
                disabled={false}
                ellipsizeMode="tail"
                style={
                  Array [
                    Object {
                      "color": "#cccccc",
                      "fontSize": 20,
                      "marginBottom": 18,
                      "marginTop": 18,
                      "paddingLeft": 25,
                      "paddingRight": 25,
                      "textAlign": "center",
                    },
                    Object {},
                    Object {
                      "fontFamily": "AGaramondPro-Regular",
                    },
                  ]
                }
              >
                Get your work placed in an upcoming sale.
              </Text>
            </View>
            <View
              style={
                Object {
                  "height": 43,
                  "marginTop": 20,
                  "width": 320,
                }
              }
            >
              <View
                accessibilityComponentType={undefined}
                accessibilityLabel={undefined}
                accessibilityTraits={undefined}
                accessible={true}
                hasTVPreferredFocus={undefined}
                hitSlop={undefined}
                isTVSelectable={true}
                nativeID={undefined}
                onLayout={undefined}
                onResponderGrant={[Function]}
                onResponderMove={[Function]}
                onResponderRelease={[Function]}
                onResponderTerminate={[Function]}
                onResponderTerminationRequest={[Function]}
                onStartShouldSetResponder={[Function]}
                style={
                  Array [
                    Object {
                      "backgroundColor": "transparent",
                    },
                    Object {
                      "alignItems": "center",
                      "backgroundColor": "rgba(255, 255, 255, 1)",
                      "borderColor": "#e5e5e5",
                      "borderWidth": 1,
                      "flex": 1,
                      "justifyContent": "center",
                    },
                  ]
                }
                testID={undefined}
                tvParallaxProperties={undefined}
              >
                <View>
                  <Text
                    accessible={true}
                    allowFontScaling={true}
                    disabled={false}
                    ellipsizeMode="tail"
                    style={
                      Array [
                        Object {
                          "fontSize": 12,
                        },
                        Object {
                          "color": "black",
                          "fontFamily": "AGaramondPro-Regular",
                          "opacity": 1,
                        },
                        Object {
                          "fontFamily": "Avant Garde Gothic ITCW01Dm",
                        },
                      ]
                    }
                  >
                    GET STARTED
                  </Text>
                </View>
              </View>
            </View>
          </View>
        </View>
      </RCTScrollView>
    </RCTNavItem>
  </RCTNavigator>
</View>
`;
