exports[`layout renders as expected 1`] = `
<ScrollView
  automaticallyAdjustContentInsets={false}
  dataSource={
    ListViewDataSource {
      "items": 6,
    }
  }
  initialListSize={10}
  onContentSizeChange={[Function]}
  onEndReachedThreshold={1000}
  onKeyboardDidHide={undefined}
  onKeyboardDidShow={undefined}
  onKeyboardWillHide={undefined}
  onKeyboardWillShow={undefined}
  onLayout={[Function]}
  onScroll={[Function]}
  pageSize={1}
  refreshControl={
    <RefreshControl
      onRefresh={[Function]}
      refreshing={false} />
  }
  removeClippedSubviews={true}
  renderRow={[Function]}
  scrollEventThrottle={50}
  scrollRenderAheadDistance={1000}
  stickyHeaderIndices={Array []}
  style={
    Object {
      "marginTop": 20,
      "overflow": "visible",
    }
  }>
  <TouchableWithoutFeedback
    onPress={[Function]}>
    <View
      style={
        Object {
          "alignItems": "center",
          "backgroundColor": "#f8f8f8",
          "borderColor": "#e5e5e5",
          "borderWidth": 1,
          "flexDirection": "row",
          "height": 50,
          "marginLeft": 20,
          "marginRight": 20,
          "marginTop": 10,
        }
      }>
      <Image
        source={1}
        style={
          Object {
            "height": 16,
            "marginLeft": 15,
            "marginRight": 10,
            "width": 16,
          }
        } />
      <Text
        accessible={true}
        allowFontScaling={true}
        ellipsizeMode="tail"
        style={
          Object {
            "fontFamily": "AGaramondPro-Regular",
            "fontSize": 16,
            "marginTop": 5,
          }
        }>
        Search for artists and artworks...
      </Text>
    </View>
  </TouchableWithoutFeedback>
  <View
    onLayout={[Function]} />
  <ArtworkRail
    rail={
      Object {
        "title": "Title",
        "type": "artwork",
      }
    } />
  <ArtworkRail
    rail={
      Object {
        "title": "Title",
        "type": "artwork",
      }
    } />
  <ArtistRail
    rail={
      Object {
        "title": "Title",
        "type": "artist",
      }
    } />
  <ArtworkRail
    rail={
      Object {
        "title": "Title",
        "type": "artwork",
      }
    } />
</ScrollView>
`;
