// Jest Snapshot v1, https://goo.gl/fbAQLP

exports[`renders correctly 1`] = `
<View
  style={
    Array [
      Object {
        "backgroundColor": "white",
        "flexBasis": 0,
        "flexDirection": "column",
        "flexGrow": 1,
        "flexShrink": 1,
      },
      undefined,
    ]
  }
>
  <View
    onLayout={[Function]}
    style={
      Array [
        Object {
          "flex": 1,
        },
        Object {
          "paddingBottom": 0,
        },
      ]
    }
  >
    <View
      style={
        Object {
          "flexGrow": 1,
        }
      }
    >
      <View
        style={
          Array [
            Object {
              "alignSelf": "stretch",
              "flexDirection": "column",
              "marginBottom": 30,
              "marginTop": 10,
            },
            undefined,
          ]
        }
      >
        <View
          style={
            Array [
              Object {
                "flexDirection": "row",
                "justifyContent": "space-between",
              },
              undefined,
            ]
          }
        >
          <View
            accessible={true}
            isTVSelectable={true}
            onResponderGrant={[Function]}
            onResponderMove={[Function]}
            onResponderRelease={[Function]}
            onResponderTerminate={[Function]}
            onResponderTerminationRequest={[Function]}
            onStartShouldSetResponder={[Function]}
            style={
              Object {
                "opacity": 1,
                "paddingLeft": 20,
              }
            }
          >
            <Text
              style={
                Array [
                  Object {
                    "color": "#cccccc",
                    "fontSize": 11,
                    "textAlign": "left",
                  },
                  Object {},
                  Object {
                    "fontFamily": "AvantGardeGothicITC",
                  },
                ]
              }
            >
              CANCEL
            </Text>
          </View>
          <View
            style={
              Array [
                Object {
                  "alignItems": "center",
                  "alignSelf": "center",
                  "marginTop": 6,
                },
                undefined,
              ]
            }
          >
            <Text
              style={
                Array [
                  Object {
                    "color": "black",
                    "fontSize": 11,
                    "textAlign": "left",
                  },
                  undefined,
                  Array [
                    Object {
                      "fontSize": 12,
                    },
                    undefined,
                  ],
                  Object {
                    "fontFamily": "AvantGardeGothicITC",
                  },
                ]
              }
            >
              OTHER CRITERIA
            </Text>
            <View
              style={
                Array [
                  Object {
                    "alignItems": "center",
                    "flexBasis": 0,
                    "flexDirection": "row",
                    "flexGrow": 1,
                    "flexShrink": 1,
                    "marginTop": 5,
                    "minHeight": 12,
                  },
                  undefined,
                ]
              }
            >
              <Text
                style={
                  Array [
                    Object {
                      "color": "black",
                      "fontSize": 11,
                      "textAlign": "left",
                    },
                    undefined,
                    Array [
                      Object {
                        "color": "#f1af1b",
                        "marginTop": 5,
                      },
                      undefined,
                    ],
                    Object {
                      "fontFamily": "AvantGardeGothicITC",
                    },
                  ]
                }
              >
                 
              </Text>
            </View>
          </View>
          <Text
            style={
              Array [
                Object {
                  "color": "black",
                  "fontSize": 11,
                  "textAlign": "left",
                },
                undefined,
                Array [
                  Object {
                    "color": "white",
                    "paddingRight": 20,
                  },
                  undefined,
                ],
                Object {
                  "fontFamily": "AvantGardeGothicITC",
                },
              ]
            }
          >
            CANCEL
          </Text>
        </View>
      </View>
      <View
        style={
          Array [
            Object {
              "alignSelf": "center",
              "marginLeft": 20,
              "marginRight": 20,
              "width": 472,
            },
            undefined,
          ]
        }
      >
        <View
          accessible={true}
          isTVSelectable={true}
          onResponderGrant={[Function]}
          onResponderMove={[Function]}
          onResponderRelease={[Function]}
          onResponderTerminate={[Function]}
          onResponderTerminationRequest={[Function]}
          onStartShouldSetResponder={[Function]}
          style={null}
        >
          <View
            style={
              Array [
                Object {
                  "borderColor": "#e5e5e5",
                  "borderWidth": 1,
                  "flexDirection": "row",
                },
                null,
              ]
            }
          >
            <AROpaqueImageView
              imageURL="https://d32dm0rphc51dk.cloudfront.net/bJ9I_vJX9ksaKFJAkOAIKg/normalized.jpg"
              style={
                Array [
                  Object {
                    "height": 55,
                    "marginBottom": 12,
                    "marginLeft": 12,
                    "marginRight": 12,
                    "marginTop": 12,
                    "width": 80,
                  },
                  undefined,
                ]
              }
            />
            <View
              style={
                Array [
                  Object {
                    "flexBasis": 0,
                    "flexDirection": "column",
                    "flexGrow": 1,
                    "flexShrink": 1,
                  },
                  Array [
                    Object {
                      "alignSelf": "center",
                    },
                    undefined,
                  ],
                ]
              }
            >
              <Text
                ellipsizeMode="tail"
                numberOfLines={1}
                style={
                  Array [
                    Object {
                      "color": "black",
                      "fontSize": 16,
                      "textAlign": "left",
                    },
                    Array [
                      Object {
                        "fontSize": 14,
                      },
                      undefined,
                    ],
                    Object {
                      "fontFamily": "AGaramondPro-Regular",
                    },
                  ]
                }
              >
                Bradley Theodore
              </Text>
              <View
                style={
                  Array [
                    Object {
                      "flexDirection": "row",
                      "justifyContent": "flex-start",
                      "marginRight": 12,
                      "marginTop": 3,
                    },
                    undefined,
                  ]
                }
              >
                <Text
                  ellipsizeMode="middle"
                  numberOfLines={1}
                  style={
                    Array [
                      Object {
                        "color": "black",
                        "fontSize": 14,
                      },
                      Object {},
                      Object {
                        "fontFamily": "AGaramondPro-Italic",
                      },
                    ]
                  }
                >
                  Karl and Anna Face Off (Diptych)
                  <Text
                    style={
                      Array [
                        Object {
                          "fontFamily": "AGaramondPro-Regular",
                        },
                        undefined,
                      ]
                    }
                  >
                    , 2016
                  </Text>
                </Text>
              </View>
            </View>
          </View>
        </View>
        <TextInput
          allowFontScaling={true}
          autoFocus={false}
          keyboardAppearance="dark"
          multiline={true}
          onChangeText={[Function]}
          onEndEditing={[Function]}
          style={
            Array [
              Object {
                "fontFamily": "AGaramondPro-Regular",
                "fontSize": 16,
                "marginTop": 20,
              },
              undefined,
            ]
          }
          underlineColorAndroid="transparent"
          value="Hi, I'm interested in purchasing this work. Could you please provide me with more information about the piece?"
        />
      </View>
    </View>
    <View
      style={
        Array [
          Object {
            "backgroundColor": "#666666",
            "height": 1,
          },
          undefined,
        ]
      }
    />
    <View
      accessible={true}
      isTVSelectable={true}
      onResponderGrant={[Function]}
      onResponderMove={[Function]}
      onResponderRelease={[Function]}
      onResponderTerminate={[Function]}
      onResponderTerminationRequest={[Function]}
      onStartShouldSetResponder={[Function]}
      style={
        Object {
          "backgroundColor": "#6e1fff",
          "height": 50,
          "marginBottom": 0,
          "opacity": 1,
          "paddingTop": 15,
        }
      }
    >
      <Text
        style={
          Array [
            Object {
              "color": "white",
              "flexBasis": 0,
              "flexGrow": 1,
              "flexShrink": 1,
              "fontFamily": "AvantGardeGothicITC",
              "fontSize": 14,
              "textAlign": "center",
            },
            undefined,
          ]
        }
      >
        SEND
      </Text>
    </View>
  </View>
</View>
`;
