// Jest Snapshot v1, https://goo.gl/fbAQLP

exports[`state looks okay by default 1`] = `
<View
  onLayout={[Function]}
  style={
    Array [
      undefined,
      Object {
        "backgroundColor": "transparent",
        "flex": 1,
      },
    ]
  }
>
  <View
    style={
      Object {
        "backgroundColor": "white",
        "height": 200,
        "opacity": 1,
        "overflow": "hidden",
        "position": "absolute",
        "top": 0,
        "transform": Array [
          Object {
            "translateY": 0,
          },
          Object {
            "scale": 1,
          },
        ],
        "width": 750,
      }
    }
  >
    <View>
      <View />
    </View>
  </View>
  <RCTScrollView
    onChangeHeaderVisibility={[Function]}
    onScroll={[Function]}
    parallaxHeaderContainerStyles={
      Object {
        "marginBottom": 0,
      }
    }
    scrollEventThrottle={16}
    scrollsToTop={true}
    stickyHeaderIndices={
      Array [
        1,
      ]
    }
    style={
      Array [
        Object {
          "backgroundColor": "transparent",
        },
        undefined,
      ]
    }
  >
    <View>
      <View
        style={
          Array [
            Object {
              "backgroundColor": "transparent",
              "overflow": "hidden",
            },
            Object {
              "marginBottom": 0,
            },
          ]
        }
      >
        <View
          style={
            Object {
              "backgroundColor": "transparent",
              "height": 200,
              "opacity": 1,
              "overflow": "hidden",
            }
          }
        >
          <View
            style={
              Object {
                "height": 200,
              }
            }
          >
            <View
              style={
                Array [
                  Object {
                    "backgroundColor": "white",
                    "paddingLeft": 40,
                    "paddingRight": 40,
                  },
                  Object {
                    "alignSelf": "center",
                    "width": 330,
                  },
                ]
              }
            >
              <Header
                sale={
                  Object {
                    "saleArtworks": Array [
                      Object {
                        "artwork": Object {
                          "node": Object {
                            "__id": "artwork-talking-politics",
                            "artists": Array [
                              Object {
                                "name": "Jenny Holzer",
                              },
                            ],
                            "date": "2008",
                            "href": "/artwork/jenny-holzer-talking-politics",
                            "image": Object {
                              "aspect_ratio": 1.27,
                              "url": "artsy.net/image-url",
                            },
                            "is_in_auction": false,
                            "partner": Object {
                              "name": "Kukje Gallery",
                            },
                            "sale_message": "Not for sale",
                            "title": "TALKING POLITICS",
                          },
                        },
                      },
                    ],
                  }
                }
                showImage={true}
              />
            </View>
          </View>
        </View>
      </View>
      <View>
        <View
          style={
            Object {
              "backgroundColor": "white",
            }
          }
        >
          <View
            style={
              Array [
                Object {
                  "backgroundColor": "#e5e5e5",
                  "height": 1,
                  "marginLeft": -40,
                  "marginRight": -40,
                },
                Object {
                  "backgroundColor": "#e5e5e5",
                  "marginTop": 0,
                },
              ]
            }
          />
          <View
            style={
              Array [
                Object {
                  "flexDirection": "row",
                  "height": 26,
                  "justifyContent": "space-between",
                  "marginBottom": 12,
                  "marginTop": 12,
                },
                Object {
                  "paddingLeft": 40,
                  "paddingRight": 40,
                },
              ]
            }
          >
            <Text
              accessible={true}
              allowFontScaling={true}
              ellipsizeMode="tail"
              numberOfLines={1}
              style={
                Array [
                  Object {
                    "fontSize": 17,
                  },
                  Object {
                    "fontStyle": "italic",
                    "marginTop": 2,
                    "maxWidth": 580,
                  },
                  Object {
                    "fontFamily": "AGaramondPro-Regular",
                  },
                ]
              }
            >
              Hey replace me!
            </Text>
            <View
              accessible={true}
              onResponderGrant={[Function]}
              onResponderMove={[Function]}
              onResponderRelease={[Function]}
              onResponderTerminate={[Function]}
              onResponderTerminationRequest={[Function]}
              onStartShouldSetResponder={[Function]}
              style={
                Object {
                  "alignItems": "center",
                  "backgroundColor": "rgba(255, 255, 255, 1)",
                  "borderColor": "rgba(229, 229, 229, 1)",
                  "borderRadius": 2,
                  "borderWidth": 1,
                  "height": 26,
                  "justifyContent": "center",
                  "opacity": 1,
                  "width": 80,
                }
              }
            >
              <Text
                accessible={true}
                allowFontScaling={true}
                className="sc-bdVaJa bDWFJH"
                color="black"
                ellipsizeMode="tail"
                fontFamily="Unica77LL-Medium"
                fontSize="14px"
                lineHeight="24px"
                style={
                  Array [
                    Object {
                      "color": "black",
                      "fontFamily": "Unica77LL-Medium",
                      "fontSize": 14,
                      "lineHeight": 24,
                    },
                    undefined,
                  ]
                }
              >
                REFINE
              </Text>
            </View>
          </View>
          <View
            style={
              Array [
                Object {
                  "backgroundColor": "#e5e5e5",
                  "height": 1,
                  "marginLeft": -40,
                  "marginRight": -40,
                },
                Object {
                  "backgroundColor": "#e5e5e5",
                },
              ]
            }
          />
        </View>
      </View>
      <View
        onLayout={[Function]}
        style={
          Object {
            "backgroundColor": "white",
          }
        }
      >
        <View
          style={
            Object {
              "marginTop": 20,
              "paddingLeft": 40,
              "paddingRight": 40,
            }
          }
        >
          <ArtworksGrid
            mapConnectionNodeToArtwork={[Function]}
            mapPropsToArtworksConnection={[Function]}
            sale={
              Object {
                "saleArtworks": Array [
                  Object {
                    "artwork": Object {
                      "node": Object {
                        "__id": "artwork-talking-politics",
                        "artists": Array [
                          Object {
                            "name": "Jenny Holzer",
                          },
                        ],
                        "date": "2008",
                        "href": "/artwork/jenny-holzer-talking-politics",
                        "image": Object {
                          "aspect_ratio": 1.27,
                          "url": "artsy.net/image-url",
                        },
                        "is_in_auction": false,
                        "partner": Object {
                          "name": "Kukje Gallery",
                        },
                        "sale_message": "Not for sale",
                        "title": "TALKING POLITICS",
                      },
                    },
                  },
                ],
              }
            }
          />
        </View>
      </View>
      <View
        style={
          Object {
            "backgroundColor": "white",
          }
        }
      />
    </View>
  </RCTScrollView>
  <View
    style={
      Array [
        Object {
          "backgroundColor": "transparent",
          "left": 0,
          "overflow": "hidden",
          "position": "absolute",
          "top": 0,
        },
        Object {
          "height": 64,
          "width": 750,
        },
      ]
    }
  >
    <View
      style={
        Object {
          "backgroundColor": "white",
          "height": 64,
          "opacity": 0,
        }
      }
    >
      <View
        style={
          Object {
            "transform": Array [
              Object {
                "translateY": 64,
              },
            ],
          }
        }
      >
        <View
          style={
            Object {
              "backgroundColor": "white",
              "paddingLeft": 40,
              "paddingRight": 40,
            }
          }
        >
          <Header
            sale={
              Object {
                "saleArtworks": Array [
                  Object {
                    "artwork": Object {
                      "node": Object {
                        "__id": "artwork-talking-politics",
                        "artists": Array [
                          Object {
                            "name": "Jenny Holzer",
                          },
                        ],
                        "date": "2008",
                        "href": "/artwork/jenny-holzer-talking-politics",
                        "image": Object {
                          "aspect_ratio": 1.27,
                          "url": "artsy.net/image-url",
                        },
                        "is_in_auction": false,
                        "partner": Object {
                          "name": "Kukje Gallery",
                        },
                        "sale_message": "Not for sale",
                        "title": "TALKING POLITICS",
                      },
                    },
                  },
                ],
              }
            }
            showImage={false}
          />
        </View>
      </View>
    </View>
  </View>
</View>
`;
