// Jest Snapshot v1, https://goo.gl/fbAQLP

exports[`looks correct when rendered 1`] = `
Array [
  <RCTScrollView
    horizontal={true}
    onLayout={[Function]}
    onScroll={[Function]}
    pagingEnabled={true}
    scrollEventThrottle={160}
    showsHorizontalScrollIndicator={false}
    style={
      Array [
        Object {
          "flexBasis": 0,
          "flexGrow": 1,
          "flexShrink": 1,
        },
        undefined,
      ]
    }
  >
    <View>
      <View
        height={250}
        style={
          Array [
            Object {
              "height": 250,
            },
            undefined,
          ]
        }
      />
    </View>
  </RCTScrollView>,
  <View
    alignItems="center"
    flexDirection="row"
    justifyContent="center"
    mb={1}
    mt={1}
    style={
      Array [
        Object {
          "alignItems": "center",
          "display": "flex",
          "flexDirection": "row",
          "justifyContent": "center",
          "marginBottom": 4,
          "marginTop": 4,
        },
        undefined,
      ]
    }
  >
    <View
      accessible={true}
      isActive={true}
      isLast={true}
      onResponderGrant={[Function]}
      onResponderMove={[Function]}
      onResponderRelease={[Function]}
      onResponderTerminate={[Function]}
      onResponderTerminationRequest={[Function]}
      onStartShouldSetResponder={[Function]}
      style={
        Array [
          Object {
            "backgroundColor": "#000",
            "borderRadius": 3,
            "height": 6,
            "marginRight": 0,
            "width": 6,
          },
          undefined,
        ]
      }
    />
  </View>,
  <Text
    className="sc-bwzfXH uTxCW"
    fontFamily="AGaramondPro-Semibold"
    fontSize={22}
    lineHeight={28}
    style={
      Array [
        Object {
          "fontFamily": "AGaramondPro-Semibold",
          "fontSize": 22,
          "lineHeight": 28,
          "textAlign": "center",
        },
        undefined,
      ]
    }
    textAlign="center"
  >
    foo
  </Text>,
  <Text
    className="sc-bwzfXH uTxCW"
    fontFamily="AGaramondPro-Regular"
    fontSize={16}
    lineHeight={24}
    style={
      Array [
        Object {
          "fontFamily": "AGaramondPro-Regular",
          "fontSize": 16,
          "lineHeight": 24,
          "textAlign": "center",
        },
        undefined,
      ]
    }
    textAlign="center"
  >
    now - later
  </Text>,
  <View
    px={2}
    style={
      Array [
        Object {
          "paddingLeft": 8,
          "paddingRight": 8,
        },
        undefined,
      ]
    }
  >
    <View
      alignItems="center"
      alignSelf="center"
      justifyContent="center"
      px={2}
      py={1}
      style={
        Array [
          Object {
            "alignItems": "center",
            "display": "flex",
            "justifyContent": "center",
            "paddingBottom": 4,
            "paddingLeft": 8,
            "paddingRight": 8,
            "paddingTop": 4,
          },
          Array [
            Object {
              "backgroundColor": "#E5E5E5",
              "borderRadius": 20,
            },
            undefined,
          ],
        ]
      }
    >
      <Text
        className="sc-bdVaJa bDWFJH"
        fontFamily="Unica77LL-Regular"
        fontSize={14}
        lineHeight={24}
        style={
          Array [
            Object {
              "fontFamily": "Unica77LL-Regular",
              "fontSize": 14,
              "lineHeight": 24,
            },
            undefined,
          ]
        }
      />
    </View>
    <View
      m={2}
      style={
        Array [
          Object {
            "marginBottom": 8,
            "marginLeft": 8,
            "marginRight": 8,
            "marginTop": 8,
          },
          undefined,
        ]
      }
    />
    <View
      accessible={true}
      onResponderGrant={[Function]}
      onResponderMove={[Function]}
      onResponderRelease={[Function]}
      onResponderTerminate={[Function]}
      onResponderTerminationRequest={[Function]}
      onStartShouldSetResponder={[Function]}
      style={
        Object {
          "alignItems": "center",
          "backgroundColor": "rgba(0, 0, 0, 1)",
          "borderColor": "rgba(0, 0, 0, 1)",
          "borderWidth": 1,
          "height": 36,
          "justifyContent": "center",
          "opacity": 1,
        }
      }
    >
      <Text
        style={
          Array [
            Object {
              "fontSize": 12,
            },
            Object {
              "fontFamily": "AvantGardeGothicITC",
            },
            Object {
              "color": "rgba(255, 255, 255, 1)",
              "opacity": 1,
            },
          ]
        }
      >
        SAVE
      </Text>
    </View>
    <View
      m={2}
      style={
        Array [
          Object {
            "marginBottom": 8,
            "marginLeft": 8,
            "marginRight": 8,
            "marginTop": 8,
          },
          undefined,
        ]
      }
    />
    <Text
      className="sc-bwzfXH uTxCW"
      fontFamily="AGaramondPro-Regular"
      fontSize={14}
      lineHeight={18}
      style={
        Array [
          Object {
            "fontFamily": "AGaramondPro-Regular",
            "fontSize": 14,
            "lineHeight": 18,
          },
          undefined,
        ]
      }
    >
      bar
    </Text>
    <View
      m={1}
      style={
        Array [
          Object {
            "marginBottom": 4,
            "marginLeft": 4,
            "marginRight": 4,
            "marginTop": 4,
          },
          undefined,
        ]
      }
    />
    <View
      accessible={true}
      alignItems="center"
      flexDirection="row"
      height={36}
      justifyContent="space-between"
      onResponderGrant={[Function]}
      onResponderMove={[Function]}
      onResponderRelease={[Function]}
      onResponderTerminate={[Function]}
      onResponderTerminationRequest={[Function]}
      onStartShouldSetResponder={[Function]}
      style={
        Array [
          Object {
            "alignItems": "center",
            "display": "flex",
            "flexDirection": "row",
            "height": 36,
            "justifyContent": "space-between",
          },
          undefined,
        ]
      }
    >
      <Text
        className="sc-htpNat KtFsv"
        fontFamily="AvantGardeGothicITC"
        fontSize={14}
        lineHeight={18}
        style={
          Array [
            Object {
              "fontFamily": "AvantGardeGothicITC",
              "fontSize": 14,
              "lineHeight": 18,
            },
            undefined,
          ]
        }
      >
        More Information
      </Text>
      <Image
        source={
          Object {
            "testUri": "../../../images/horizontal_chevron.png",
          }
        }
        style={
          Object {
            "alignSelf": "center",
          }
        }
      />
    </View>
    <View
      m={1}
      style={
        Array [
          Object {
            "marginBottom": 4,
            "marginLeft": 4,
            "marginRight": 4,
            "marginTop": 4,
          },
          undefined,
        ]
      }
    />
    <View
      style={
        Array [
          Object {
            "borderBottomWidth": 0,
            "borderColor": "#E5E5E5",
            "borderStyle": "solid",
            "borderWidth": 1,
            "width": "100%",
          },
          undefined,
        ]
      }
      width="100%"
    />
    <View
      m={1}
      style={
        Array [
          Object {
            "marginBottom": 4,
            "marginLeft": 4,
            "marginRight": 4,
            "marginTop": 4,
          },
          undefined,
        ]
      }
    />
  </View>,
]
`;
